2024-11-05 03:43:59.487171 - Task: auto_build - Timeout: Przekroczono limit czasu 300 sekund
2024-11-05 04:08:54.838595 - Task: auto_build - Timeout: Przekroczono limit czasu 60 sekund
2024-11-05 04:14:14.364662 - Task: auto_build - Timeout: Przekroczono limit czasu 30 sekund
2024-11-05 04:27:41.082840 - Task: auto_build - Timeout: Przekroczono limit czasu 30 sekund
2024-11-05 18:11:29.863058 - Task: rss - Timeout: Przekroczono limit czasu 30 sekund
2024-11-05 18:12:58.492885 - Task: rss - Timeout: Przekroczono limit czasu 30 sekund
2024-11-05 18:38:46.180490 - Task: auto_build - Task Failure: Task zwróci³ False
2024-11-05 18:38:49.649501 - Task: auto_build - Task Failure: Task zwróci³ False
